                                      1 ;--------------------------------------------------------
                                      2 ; File Created by SDCC : free open source ANSI-C Compiler
                                      3 ; Version 4.1.6 #12539 (Linux)
                                      4 ;--------------------------------------------------------
                                      5 	.module map
                                      6 	.optsdcc -mgbz80
                                      7 	
                                      8 ;--------------------------------------------------------
                                      9 ; Public variables in this module
                                     10 ;--------------------------------------------------------
                                     11 	.globl _main
                                     12 	.globl _set_bkg_tiles
                                     13 	.globl _set_bkg_data
                                     14 	.globl _delay
                                     15 	.globl _simplebackgroundmap
                                     16 	.globl _backgorundtiles
                                     17 ;--------------------------------------------------------
                                     18 ; special function registers
                                     19 ;--------------------------------------------------------
                                     20 ;--------------------------------------------------------
                                     21 ; ram data
                                     22 ;--------------------------------------------------------
                                     23 	.area _DATA
                                     24 ;--------------------------------------------------------
                                     25 ; ram data
                                     26 ;--------------------------------------------------------
                                     27 	.area _INITIALIZED
      000000                         28 _backgorundtiles::
      000000                         29 	.ds 128
      000080                         30 _simplebackgroundmap::
      000080                         31 	.ds 720
                                     32 ;--------------------------------------------------------
                                     33 ; absolute external ram data
                                     34 ;--------------------------------------------------------
                                     35 	.area _DABS (ABS)
                                     36 ;--------------------------------------------------------
                                     37 ; global & static initialisations
                                     38 ;--------------------------------------------------------
                                     39 	.area _HOME
                                     40 	.area _GSINIT
                                     41 	.area _GSFINAL
                                     42 	.area _GSINIT
                                     43 ;--------------------------------------------------------
                                     44 ; Home
                                     45 ;--------------------------------------------------------
                                     46 	.area _HOME
                                     47 	.area _HOME
                                     48 ;--------------------------------------------------------
                                     49 ; code
                                     50 ;--------------------------------------------------------
                                     51 	.area _CODE
                                     52 ;src/map.c:5: void main(){
                                     53 ;	---------------------------------
                                     54 ; Function main
                                     55 ; ---------------------------------
      000000                         56 _main::
                                     57 ;src/map.c:6: set_bkg_data(0, 7, backgorundtiles);
      000000 11r00r00                58 	ld	de, #_backgorundtiles
      000003 D5                      59 	push	de
      000004 21 00 07                60 	ld	hl, #0x700
      000007 E5                      61 	push	hl
      000008 CDr00r00                62 	call	_set_bkg_data
      00000B E8 04                   63 	add	sp, #4
                                     64 ;src/map.c:7: set_bkg_tiles(0,0,40,18,simplebackgroundmap);
      00000D 11r80r00                65 	ld	de, #_simplebackgroundmap
      000010 D5                      66 	push	de
      000011 21 28 12                67 	ld	hl, #0x1228
      000014 E5                      68 	push	hl
      000015 AF                      69 	xor	a, a
      000016 0F                      70 	rrca
      000017 F5                      71 	push	af
      000018 CDr00r00                72 	call	_set_bkg_tiles
      00001B E8 06                   73 	add	sp, #6
                                     74 ;src/map.c:9: SHOW_BKG;
      00001D F0r00                   75 	ldh	a, (_LCDC_REG + 0)
      00001F F6 01                   76 	or	a, #0x01
      000021 E0r00                   77 	ldh	(_LCDC_REG + 0), a
                                     78 ;src/map.c:10: DISPLAY_ON;
      000023 F0r00                   79 	ldh	a, (_LCDC_REG + 0)
      000025 F6 80                   80 	or	a, #0x80
      000027 E0r00                   81 	ldh	(_LCDC_REG + 0), a
                                     82 ;src/map.c:11: while(1){
      000029                         83 00102$:
                                     84 ;./developmentapps_gameboy/gbdk/include/gb/gb.h:1094: SCX_REG+=x, SCY_REG+=y;
      000029 F0r00                   85 	ldh	a, (_SCX_REG + 0)
      00002B 3C                      86 	inc	a
      00002C E0r00                   87 	ldh	(_SCX_REG + 0), a
                                     88 ;src/map.c:13: delay(100);
      00002E 11 64 00                89 	ld	de, #0x0064
      000031 D5                      90 	push	de
      000032 CDr00r00                91 	call	_delay
      000035 E1                      92 	pop	hl
                                     93 ;src/map.c:15: }
      000036 18 F1                   94 	jr	00102$
                                     95 	.area _CODE
                                     96 	.area _INITIALIZER
      000000                         97 __xinit__backgorundtiles:
      000000 00                      98 	.db #0x00	; 0
      000001 00                      99 	.db #0x00	; 0
      000002 00                     100 	.db #0x00	; 0
      000003 00                     101 	.db #0x00	; 0
      000004 00                     102 	.db #0x00	; 0
      000005 00                     103 	.db #0x00	; 0
      000006 00                     104 	.db #0x00	; 0
      000007 00                     105 	.db #0x00	; 0
      000008 00                     106 	.db #0x00	; 0
      000009 00                     107 	.db #0x00	; 0
      00000A 00                     108 	.db #0x00	; 0
      00000B 00                     109 	.db #0x00	; 0
      00000C 00                     110 	.db #0x00	; 0
      00000D 00                     111 	.db #0x00	; 0
      00000E 00                     112 	.db #0x00	; 0
      00000F 00                     113 	.db #0x00	; 0
      000010 FC                     114 	.db #0xfc	; 252
      000011 FC                     115 	.db #0xfc	; 252
      000012 8C                     116 	.db #0x8c	; 140
      000013 74                     117 	.db #0x74	; 116	't'
      000014 54                     118 	.db #0x54	; 84	'T'
      000015 AC                     119 	.db #0xac	; 172
      000016 A4                     120 	.db #0xa4	; 164
      000017 5C                     121 	.db #0x5c	; 92
      000018 54                     122 	.db #0x54	; 84	'T'
      000019 AC                     123 	.db #0xac	; 172
      00001A FC                     124 	.db #0xfc	; 252
      00001B FC                     125 	.db #0xfc	; 252
      00001C 10                     126 	.db #0x10	; 16
      00001D 10                     127 	.db #0x10	; 16
      00001E FF                     128 	.db #0xff	; 255
      00001F FF                     129 	.db #0xff	; 255
      000020 3F                     130 	.db #0x3f	; 63
      000021 3F                     131 	.db #0x3f	; 63
      000022 25                     132 	.db #0x25	; 37
      000023 3A                     133 	.db #0x3a	; 58
      000024 2A                     134 	.db #0x2a	; 42
      000025 35                     135 	.db #0x35	; 53	'5'
      000026 30                     136 	.db #0x30	; 48	'0'
      000027 2F                     137 	.db #0x2f	; 47
      000028 AA                     138 	.db #0xaa	; 170
      000029 B5                     139 	.db #0xb5	; 181
      00002A 3F                     140 	.db #0x3f	; 63
      00002B BF                     141 	.db #0xbf	; 191
      00002C 08                     142 	.db #0x08	; 8
      00002D 88                     143 	.db #0x88	; 136
      00002E FF                     144 	.db #0xff	; 255
      00002F FF                     145 	.db #0xff	; 255
      000030 FF                     146 	.db #0xff	; 255
      000031 FF                     147 	.db #0xff	; 255
      000032 F0                     148 	.db #0xf0	; 240
      000033 8F                     149 	.db #0x8f	; 143
      000034 F0                     150 	.db #0xf0	; 240
      000035 8F                     151 	.db #0x8f	; 143
      000036 F2                     152 	.db #0xf2	; 242
      000037 8F                     153 	.db #0x8f	; 143
      000038 F2                     154 	.db #0xf2	; 242
      000039 8F                     155 	.db #0x8f	; 143
      00003A 80                     156 	.db #0x80	; 128
      00003B FF                     157 	.db #0xff	; 255
      00003C F0                     158 	.db #0xf0	; 240
      00003D 8F                     159 	.db #0x8f	; 143
      00003E FF                     160 	.db #0xff	; 255
      00003F FF                     161 	.db #0xff	; 255
      000040 FF                     162 	.db #0xff	; 255
      000041 FF                     163 	.db #0xff	; 255
      000042 0F                     164 	.db #0x0f	; 15
      000043 F1                     165 	.db #0xf1	; 241
      000044 0F                     166 	.db #0x0f	; 15
      000045 F1                     167 	.db #0xf1	; 241
      000046 41                     168 	.db #0x41	; 65	'A'
      000047 FF                     169 	.db #0xff	; 255
      000048 4F                     170 	.db #0x4f	; 79	'O'
      000049 F1                     171 	.db #0xf1	; 241
      00004A 0B                     172 	.db #0x0b	; 11
      00004B F5                     173 	.db #0xf5	; 245
      00004C 09                     174 	.db #0x09	; 9
      00004D F7                     175 	.db #0xf7	; 247
      00004E FF                     176 	.db #0xff	; 255
      00004F FF                     177 	.db #0xff	; 255
      000050 00                     178 	.db #0x00	; 0
      000051 00                     179 	.db #0x00	; 0
      000052 00                     180 	.db #0x00	; 0
      000053 00                     181 	.db #0x00	; 0
      000054 00                     182 	.db #0x00	; 0
      000055 00                     183 	.db #0x00	; 0
      000056 00                     184 	.db #0x00	; 0
      000057 00                     185 	.db #0x00	; 0
      000058 00                     186 	.db #0x00	; 0
      000059 00                     187 	.db #0x00	; 0
      00005A B3                     188 	.db #0xb3	; 179
      00005B FF                     189 	.db #0xff	; 255
      00005C 04                     190 	.db #0x04	; 4
      00005D FB                     191 	.db #0xfb	; 251
      00005E FF                     192 	.db #0xff	; 255
      00005F 00                     193 	.db #0x00	; 0
      000060 00                     194 	.db #0x00	; 0
      000061 00                     195 	.db #0x00	; 0
      000062 00                     196 	.db #0x00	; 0
      000063 00                     197 	.db #0x00	; 0
      000064 00                     198 	.db #0x00	; 0
      000065 00                     199 	.db #0x00	; 0
      000066 00                     200 	.db #0x00	; 0
      000067 00                     201 	.db #0x00	; 0
      000068 00                     202 	.db #0x00	; 0
      000069 00                     203 	.db #0x00	; 0
      00006A FF                     204 	.db #0xff	; 255
      00006B FF                     205 	.db #0xff	; 255
      00006C 00                     206 	.db #0x00	; 0
      00006D FF                     207 	.db #0xff	; 255
      00006E FF                     208 	.db #0xff	; 255
      00006F 00                     209 	.db #0x00	; 0
      000070 00                     210 	.db #0x00	; 0
      000071 00                     211 	.db #0x00	; 0
      000072 00                     212 	.db #0x00	; 0
      000073 00                     213 	.db #0x00	; 0
      000074 00                     214 	.db #0x00	; 0
      000075 00                     215 	.db #0x00	; 0
      000076 00                     216 	.db #0x00	; 0
      000077 00                     217 	.db #0x00	; 0
      000078 00                     218 	.db #0x00	; 0
      000079 00                     219 	.db #0x00	; 0
      00007A 00                     220 	.db #0x00	; 0
      00007B 00                     221 	.db #0x00	; 0
      00007C 00                     222 	.db #0x00	; 0
      00007D 00                     223 	.db #0x00	; 0
      00007E 00                     224 	.db #0x00	; 0
      00007F 00                     225 	.db #0x00	; 0
      000080                        226 __xinit__simplebackgroundmap:
      000080 00                     227 	.db #0x00	; 0
      000081 00                     228 	.db #0x00	; 0
      000082 00                     229 	.db #0x00	; 0
      000083 00                     230 	.db #0x00	; 0
      000084 00                     231 	.db #0x00	; 0
      000085 00                     232 	.db #0x00	; 0
      000086 00                     233 	.db #0x00	; 0
      000087 00                     234 	.db #0x00	; 0
      000088 00                     235 	.db #0x00	; 0
      000089 00                     236 	.db #0x00	; 0
      00008A 00                     237 	.db #0x00	; 0
      00008B 00                     238 	.db #0x00	; 0
      00008C 00                     239 	.db #0x00	; 0
      00008D 00                     240 	.db #0x00	; 0
      00008E 00                     241 	.db #0x00	; 0
      00008F 00                     242 	.db #0x00	; 0
      000090 00                     243 	.db #0x00	; 0
      000091 00                     244 	.db #0x00	; 0
      000092 00                     245 	.db #0x00	; 0
      000093 00                     246 	.db #0x00	; 0
      000094 00                     247 	.db #0x00	; 0
      000095 00                     248 	.db #0x00	; 0
      000096 00                     249 	.db #0x00	; 0
      000097 00                     250 	.db #0x00	; 0
      000098 00                     251 	.db #0x00	; 0
      000099 00                     252 	.db #0x00	; 0
      00009A 00                     253 	.db #0x00	; 0
      00009B 00                     254 	.db #0x00	; 0
      00009C 00                     255 	.db #0x00	; 0
      00009D 00                     256 	.db #0x00	; 0
      00009E 00                     257 	.db #0x00	; 0
      00009F 00                     258 	.db #0x00	; 0
      0000A0 00                     259 	.db #0x00	; 0
      0000A1 00                     260 	.db #0x00	; 0
      0000A2 00                     261 	.db #0x00	; 0
      0000A3 00                     262 	.db #0x00	; 0
      0000A4 00                     263 	.db #0x00	; 0
      0000A5 00                     264 	.db #0x00	; 0
      0000A6 00                     265 	.db #0x00	; 0
      0000A7 00                     266 	.db #0x00	; 0
      0000A8 00                     267 	.db #0x00	; 0
      0000A9 00                     268 	.db #0x00	; 0
      0000AA 00                     269 	.db #0x00	; 0
      0000AB 00                     270 	.db #0x00	; 0
      0000AC 00                     271 	.db #0x00	; 0
      0000AD 00                     272 	.db #0x00	; 0
      0000AE 00                     273 	.db #0x00	; 0
      0000AF 00                     274 	.db #0x00	; 0
      0000B0 00                     275 	.db #0x00	; 0
      0000B1 00                     276 	.db #0x00	; 0
      0000B2 00                     277 	.db #0x00	; 0
      0000B3 00                     278 	.db #0x00	; 0
      0000B4 00                     279 	.db #0x00	; 0
      0000B5 00                     280 	.db #0x00	; 0
      0000B6 00                     281 	.db #0x00	; 0
      0000B7 00                     282 	.db #0x00	; 0
      0000B8 00                     283 	.db #0x00	; 0
      0000B9 00                     284 	.db #0x00	; 0
      0000BA 00                     285 	.db #0x00	; 0
      0000BB 00                     286 	.db #0x00	; 0
      0000BC 00                     287 	.db #0x00	; 0
      0000BD 00                     288 	.db #0x00	; 0
      0000BE 00                     289 	.db #0x00	; 0
      0000BF 00                     290 	.db #0x00	; 0
      0000C0 00                     291 	.db #0x00	; 0
      0000C1 00                     292 	.db #0x00	; 0
      0000C2 00                     293 	.db #0x00	; 0
      0000C3 00                     294 	.db #0x00	; 0
      0000C4 00                     295 	.db #0x00	; 0
      0000C5 00                     296 	.db #0x00	; 0
      0000C6 00                     297 	.db #0x00	; 0
      0000C7 00                     298 	.db #0x00	; 0
      0000C8 00                     299 	.db #0x00	; 0
      0000C9 00                     300 	.db #0x00	; 0
      0000CA 00                     301 	.db #0x00	; 0
      0000CB 00                     302 	.db #0x00	; 0
      0000CC 00                     303 	.db #0x00	; 0
      0000CD 00                     304 	.db #0x00	; 0
      0000CE 00                     305 	.db #0x00	; 0
      0000CF 00                     306 	.db #0x00	; 0
      0000D0 00                     307 	.db #0x00	; 0
      0000D1 00                     308 	.db #0x00	; 0
      0000D2 00                     309 	.db #0x00	; 0
      0000D3 00                     310 	.db #0x00	; 0
      0000D4 00                     311 	.db #0x00	; 0
      0000D5 00                     312 	.db #0x00	; 0
      0000D6 00                     313 	.db #0x00	; 0
      0000D7 00                     314 	.db #0x00	; 0
      0000D8 00                     315 	.db #0x00	; 0
      0000D9 00                     316 	.db #0x00	; 0
      0000DA 00                     317 	.db #0x00	; 0
      0000DB 00                     318 	.db #0x00	; 0
      0000DC 00                     319 	.db #0x00	; 0
      0000DD 00                     320 	.db #0x00	; 0
      0000DE 00                     321 	.db #0x00	; 0
      0000DF 00                     322 	.db #0x00	; 0
      0000E0 00                     323 	.db #0x00	; 0
      0000E1 00                     324 	.db #0x00	; 0
      0000E2 00                     325 	.db #0x00	; 0
      0000E3 00                     326 	.db #0x00	; 0
      0000E4 00                     327 	.db #0x00	; 0
      0000E5 00                     328 	.db #0x00	; 0
      0000E6 00                     329 	.db #0x00	; 0
      0000E7 00                     330 	.db #0x00	; 0
      0000E8 00                     331 	.db #0x00	; 0
      0000E9 00                     332 	.db #0x00	; 0
      0000EA 00                     333 	.db #0x00	; 0
      0000EB 00                     334 	.db #0x00	; 0
      0000EC 00                     335 	.db #0x00	; 0
      0000ED 00                     336 	.db #0x00	; 0
      0000EE 00                     337 	.db #0x00	; 0
      0000EF 00                     338 	.db #0x00	; 0
      0000F0 00                     339 	.db #0x00	; 0
      0000F1 00                     340 	.db #0x00	; 0
      0000F2 00                     341 	.db #0x00	; 0
      0000F3 00                     342 	.db #0x00	; 0
      0000F4 00                     343 	.db #0x00	; 0
      0000F5 00                     344 	.db #0x00	; 0
      0000F6 00                     345 	.db #0x00	; 0
      0000F7 00                     346 	.db #0x00	; 0
      0000F8 00                     347 	.db #0x00	; 0
      0000F9 00                     348 	.db #0x00	; 0
      0000FA 00                     349 	.db #0x00	; 0
      0000FB 00                     350 	.db #0x00	; 0
      0000FC 00                     351 	.db #0x00	; 0
      0000FD 00                     352 	.db #0x00	; 0
      0000FE 00                     353 	.db #0x00	; 0
      0000FF 00                     354 	.db #0x00	; 0
      000100 00                     355 	.db #0x00	; 0
      000101 00                     356 	.db #0x00	; 0
      000102 00                     357 	.db #0x00	; 0
      000103 00                     358 	.db #0x00	; 0
      000104 00                     359 	.db #0x00	; 0
      000105 00                     360 	.db #0x00	; 0
      000106 00                     361 	.db #0x00	; 0
      000107 00                     362 	.db #0x00	; 0
      000108 00                     363 	.db #0x00	; 0
      000109 00                     364 	.db #0x00	; 0
      00010A 00                     365 	.db #0x00	; 0
      00010B 00                     366 	.db #0x00	; 0
      00010C 00                     367 	.db #0x00	; 0
      00010D 00                     368 	.db #0x00	; 0
      00010E 00                     369 	.db #0x00	; 0
      00010F 00                     370 	.db #0x00	; 0
      000110 00                     371 	.db #0x00	; 0
      000111 00                     372 	.db #0x00	; 0
      000112 00                     373 	.db #0x00	; 0
      000113 00                     374 	.db #0x00	; 0
      000114 00                     375 	.db #0x00	; 0
      000115 00                     376 	.db #0x00	; 0
      000116 00                     377 	.db #0x00	; 0
      000117 00                     378 	.db #0x00	; 0
      000118 00                     379 	.db #0x00	; 0
      000119 00                     380 	.db #0x00	; 0
      00011A 00                     381 	.db #0x00	; 0
      00011B 00                     382 	.db #0x00	; 0
      00011C 00                     383 	.db #0x00	; 0
      00011D 00                     384 	.db #0x00	; 0
      00011E 00                     385 	.db #0x00	; 0
      00011F 00                     386 	.db #0x00	; 0
      000120 00                     387 	.db #0x00	; 0
      000121 00                     388 	.db #0x00	; 0
      000122 00                     389 	.db #0x00	; 0
      000123 00                     390 	.db #0x00	; 0
      000124 00                     391 	.db #0x00	; 0
      000125 00                     392 	.db #0x00	; 0
      000126 00                     393 	.db #0x00	; 0
      000127 00                     394 	.db #0x00	; 0
      000128 00                     395 	.db #0x00	; 0
      000129 00                     396 	.db #0x00	; 0
      00012A 00                     397 	.db #0x00	; 0
      00012B 00                     398 	.db #0x00	; 0
      00012C 00                     399 	.db #0x00	; 0
      00012D 00                     400 	.db #0x00	; 0
      00012E 00                     401 	.db #0x00	; 0
      00012F 00                     402 	.db #0x00	; 0
      000130 00                     403 	.db #0x00	; 0
      000131 00                     404 	.db #0x00	; 0
      000132 00                     405 	.db #0x00	; 0
      000133 00                     406 	.db #0x00	; 0
      000134 00                     407 	.db #0x00	; 0
      000135 00                     408 	.db #0x00	; 0
      000136 00                     409 	.db #0x00	; 0
      000137 00                     410 	.db #0x00	; 0
      000138 00                     411 	.db #0x00	; 0
      000139 00                     412 	.db #0x00	; 0
      00013A 00                     413 	.db #0x00	; 0
      00013B 00                     414 	.db #0x00	; 0
      00013C 00                     415 	.db #0x00	; 0
      00013D 00                     416 	.db #0x00	; 0
      00013E 00                     417 	.db #0x00	; 0
      00013F 00                     418 	.db #0x00	; 0
      000140 00                     419 	.db #0x00	; 0
      000141 00                     420 	.db #0x00	; 0
      000142 00                     421 	.db #0x00	; 0
      000143 00                     422 	.db #0x00	; 0
      000144 00                     423 	.db #0x00	; 0
      000145 00                     424 	.db #0x00	; 0
      000146 00                     425 	.db #0x00	; 0
      000147 00                     426 	.db #0x00	; 0
      000148 00                     427 	.db #0x00	; 0
      000149 00                     428 	.db #0x00	; 0
      00014A 00                     429 	.db #0x00	; 0
      00014B 00                     430 	.db #0x00	; 0
      00014C 00                     431 	.db #0x00	; 0
      00014D 00                     432 	.db #0x00	; 0
      00014E 00                     433 	.db #0x00	; 0
      00014F 00                     434 	.db #0x00	; 0
      000150 00                     435 	.db #0x00	; 0
      000151 00                     436 	.db #0x00	; 0
      000152 00                     437 	.db #0x00	; 0
      000153 00                     438 	.db #0x00	; 0
      000154 00                     439 	.db #0x00	; 0
      000155 00                     440 	.db #0x00	; 0
      000156 00                     441 	.db #0x00	; 0
      000157 00                     442 	.db #0x00	; 0
      000158 00                     443 	.db #0x00	; 0
      000159 00                     444 	.db #0x00	; 0
      00015A 00                     445 	.db #0x00	; 0
      00015B 00                     446 	.db #0x00	; 0
      00015C 00                     447 	.db #0x00	; 0
      00015D 00                     448 	.db #0x00	; 0
      00015E 00                     449 	.db #0x00	; 0
      00015F 00                     450 	.db #0x00	; 0
      000160 00                     451 	.db #0x00	; 0
      000161 00                     452 	.db #0x00	; 0
      000162 00                     453 	.db #0x00	; 0
      000163 00                     454 	.db #0x00	; 0
      000164 00                     455 	.db #0x00	; 0
      000165 00                     456 	.db #0x00	; 0
      000166 00                     457 	.db #0x00	; 0
      000167 00                     458 	.db #0x00	; 0
      000168 00                     459 	.db #0x00	; 0
      000169 00                     460 	.db #0x00	; 0
      00016A 00                     461 	.db #0x00	; 0
      00016B 00                     462 	.db #0x00	; 0
      00016C 00                     463 	.db #0x00	; 0
      00016D 00                     464 	.db #0x00	; 0
      00016E 00                     465 	.db #0x00	; 0
      00016F 00                     466 	.db #0x00	; 0
      000170 00                     467 	.db #0x00	; 0
      000171 00                     468 	.db #0x00	; 0
      000172 00                     469 	.db #0x00	; 0
      000173 00                     470 	.db #0x00	; 0
      000174 00                     471 	.db #0x00	; 0
      000175 00                     472 	.db #0x00	; 0
      000176 00                     473 	.db #0x00	; 0
      000177 00                     474 	.db #0x00	; 0
      000178 00                     475 	.db #0x00	; 0
      000179 00                     476 	.db #0x00	; 0
      00017A 00                     477 	.db #0x00	; 0
      00017B 00                     478 	.db #0x00	; 0
      00017C 00                     479 	.db #0x00	; 0
      00017D 00                     480 	.db #0x00	; 0
      00017E 00                     481 	.db #0x00	; 0
      00017F 00                     482 	.db #0x00	; 0
      000180 00                     483 	.db #0x00	; 0
      000181 00                     484 	.db #0x00	; 0
      000182 00                     485 	.db #0x00	; 0
      000183 00                     486 	.db #0x00	; 0
      000184 00                     487 	.db #0x00	; 0
      000185 00                     488 	.db #0x00	; 0
      000186 00                     489 	.db #0x00	; 0
      000187 00                     490 	.db #0x00	; 0
      000188 00                     491 	.db #0x00	; 0
      000189 00                     492 	.db #0x00	; 0
      00018A 00                     493 	.db #0x00	; 0
      00018B 00                     494 	.db #0x00	; 0
      00018C 00                     495 	.db #0x00	; 0
      00018D 00                     496 	.db #0x00	; 0
      00018E 00                     497 	.db #0x00	; 0
      00018F 00                     498 	.db #0x00	; 0
      000190 00                     499 	.db #0x00	; 0
      000191 00                     500 	.db #0x00	; 0
      000192 00                     501 	.db #0x00	; 0
      000193 00                     502 	.db #0x00	; 0
      000194 00                     503 	.db #0x00	; 0
      000195 00                     504 	.db #0x00	; 0
      000196 00                     505 	.db #0x00	; 0
      000197 00                     506 	.db #0x00	; 0
      000198 00                     507 	.db #0x00	; 0
      000199 00                     508 	.db #0x00	; 0
      00019A 00                     509 	.db #0x00	; 0
      00019B 00                     510 	.db #0x00	; 0
      00019C 00                     511 	.db #0x00	; 0
      00019D 00                     512 	.db #0x00	; 0
      00019E 00                     513 	.db #0x00	; 0
      00019F 00                     514 	.db #0x00	; 0
      0001A0 00                     515 	.db #0x00	; 0
      0001A1 00                     516 	.db #0x00	; 0
      0001A2 00                     517 	.db #0x00	; 0
      0001A3 00                     518 	.db #0x00	; 0
      0001A4 00                     519 	.db #0x00	; 0
      0001A5 00                     520 	.db #0x00	; 0
      0001A6 00                     521 	.db #0x00	; 0
      0001A7 00                     522 	.db #0x00	; 0
      0001A8 00                     523 	.db #0x00	; 0
      0001A9 00                     524 	.db #0x00	; 0
      0001AA 00                     525 	.db #0x00	; 0
      0001AB 00                     526 	.db #0x00	; 0
      0001AC 00                     527 	.db #0x00	; 0
      0001AD 00                     528 	.db #0x00	; 0
      0001AE 00                     529 	.db #0x00	; 0
      0001AF 00                     530 	.db #0x00	; 0
      0001B0 00                     531 	.db #0x00	; 0
      0001B1 00                     532 	.db #0x00	; 0
      0001B2 00                     533 	.db #0x00	; 0
      0001B3 00                     534 	.db #0x00	; 0
      0001B4 00                     535 	.db #0x00	; 0
      0001B5 00                     536 	.db #0x00	; 0
      0001B6 00                     537 	.db #0x00	; 0
      0001B7 00                     538 	.db #0x00	; 0
      0001B8 00                     539 	.db #0x00	; 0
      0001B9 00                     540 	.db #0x00	; 0
      0001BA 00                     541 	.db #0x00	; 0
      0001BB 00                     542 	.db #0x00	; 0
      0001BC 00                     543 	.db #0x00	; 0
      0001BD 00                     544 	.db #0x00	; 0
      0001BE 00                     545 	.db #0x00	; 0
      0001BF 00                     546 	.db #0x00	; 0
      0001C0 00                     547 	.db #0x00	; 0
      0001C1 00                     548 	.db #0x00	; 0
      0001C2 00                     549 	.db #0x00	; 0
      0001C3 00                     550 	.db #0x00	; 0
      0001C4 00                     551 	.db #0x00	; 0
      0001C5 00                     552 	.db #0x00	; 0
      0001C6 00                     553 	.db #0x00	; 0
      0001C7 00                     554 	.db #0x00	; 0
      0001C8 00                     555 	.db #0x00	; 0
      0001C9 00                     556 	.db #0x00	; 0
      0001CA 00                     557 	.db #0x00	; 0
      0001CB 00                     558 	.db #0x00	; 0
      0001CC 00                     559 	.db #0x00	; 0
      0001CD 00                     560 	.db #0x00	; 0
      0001CE 00                     561 	.db #0x00	; 0
      0001CF 00                     562 	.db #0x00	; 0
      0001D0 00                     563 	.db #0x00	; 0
      0001D1 00                     564 	.db #0x00	; 0
      0001D2 00                     565 	.db #0x00	; 0
      0001D3 00                     566 	.db #0x00	; 0
      0001D4 00                     567 	.db #0x00	; 0
      0001D5 00                     568 	.db #0x00	; 0
      0001D6 00                     569 	.db #0x00	; 0
      0001D7 00                     570 	.db #0x00	; 0
      0001D8 00                     571 	.db #0x00	; 0
      0001D9 00                     572 	.db #0x00	; 0
      0001DA 00                     573 	.db #0x00	; 0
      0001DB 00                     574 	.db #0x00	; 0
      0001DC 00                     575 	.db #0x00	; 0
      0001DD 00                     576 	.db #0x00	; 0
      0001DE 00                     577 	.db #0x00	; 0
      0001DF 00                     578 	.db #0x00	; 0
      0001E0 00                     579 	.db #0x00	; 0
      0001E1 00                     580 	.db #0x00	; 0
      0001E2 00                     581 	.db #0x00	; 0
      0001E3 00                     582 	.db #0x00	; 0
      0001E4 00                     583 	.db #0x00	; 0
      0001E5 00                     584 	.db #0x00	; 0
      0001E6 00                     585 	.db #0x00	; 0
      0001E7 00                     586 	.db #0x00	; 0
      0001E8 00                     587 	.db #0x00	; 0
      0001E9 00                     588 	.db #0x00	; 0
      0001EA 00                     589 	.db #0x00	; 0
      0001EB 00                     590 	.db #0x00	; 0
      0001EC 00                     591 	.db #0x00	; 0
      0001ED 00                     592 	.db #0x00	; 0
      0001EE 00                     593 	.db #0x00	; 0
      0001EF 00                     594 	.db #0x00	; 0
      0001F0 00                     595 	.db #0x00	; 0
      0001F1 00                     596 	.db #0x00	; 0
      0001F2 00                     597 	.db #0x00	; 0
      0001F3 00                     598 	.db #0x00	; 0
      0001F4 00                     599 	.db #0x00	; 0
      0001F5 00                     600 	.db #0x00	; 0
      0001F6 00                     601 	.db #0x00	; 0
      0001F7 00                     602 	.db #0x00	; 0
      0001F8 00                     603 	.db #0x00	; 0
      0001F9 00                     604 	.db #0x00	; 0
      0001FA 00                     605 	.db #0x00	; 0
      0001FB 00                     606 	.db #0x00	; 0
      0001FC 00                     607 	.db #0x00	; 0
      0001FD 00                     608 	.db #0x00	; 0
      0001FE 00                     609 	.db #0x00	; 0
      0001FF 00                     610 	.db #0x00	; 0
      000200 00                     611 	.db #0x00	; 0
      000201 00                     612 	.db #0x00	; 0
      000202 00                     613 	.db #0x00	; 0
      000203 00                     614 	.db #0x00	; 0
      000204 00                     615 	.db #0x00	; 0
      000205 00                     616 	.db #0x00	; 0
      000206 00                     617 	.db #0x00	; 0
      000207 00                     618 	.db #0x00	; 0
      000208 00                     619 	.db #0x00	; 0
      000209 00                     620 	.db #0x00	; 0
      00020A 00                     621 	.db #0x00	; 0
      00020B 00                     622 	.db #0x00	; 0
      00020C 00                     623 	.db #0x00	; 0
      00020D 00                     624 	.db #0x00	; 0
      00020E 00                     625 	.db #0x00	; 0
      00020F 00                     626 	.db #0x00	; 0
      000210 00                     627 	.db #0x00	; 0
      000211 00                     628 	.db #0x00	; 0
      000212 00                     629 	.db #0x00	; 0
      000213 00                     630 	.db #0x00	; 0
      000214 00                     631 	.db #0x00	; 0
      000215 00                     632 	.db #0x00	; 0
      000216 00                     633 	.db #0x00	; 0
      000217 00                     634 	.db #0x00	; 0
      000218 00                     635 	.db #0x00	; 0
      000219 00                     636 	.db #0x00	; 0
      00021A 00                     637 	.db #0x00	; 0
      00021B 00                     638 	.db #0x00	; 0
      00021C 00                     639 	.db #0x00	; 0
      00021D 29                     640 	.db #0x29	; 41
      00021E 29                     641 	.db #0x29	; 41
      00021F 00                     642 	.db #0x00	; 0
      000220 00                     643 	.db #0x00	; 0
      000221 00                     644 	.db #0x00	; 0
      000222 00                     645 	.db #0x00	; 0
      000223 00                     646 	.db #0x00	; 0
      000224 27                     647 	.db #0x27	; 39
      000225 26                     648 	.db #0x26	; 38
      000226 00                     649 	.db #0x00	; 0
      000227 00                     650 	.db #0x00	; 0
      000228 00                     651 	.db #0x00	; 0
      000229 00                     652 	.db #0x00	; 0
      00022A 00                     653 	.db #0x00	; 0
      00022B 00                     654 	.db #0x00	; 0
      00022C 00                     655 	.db #0x00	; 0
      00022D 00                     656 	.db #0x00	; 0
      00022E 00                     657 	.db #0x00	; 0
      00022F 00                     658 	.db #0x00	; 0
      000230 00                     659 	.db #0x00	; 0
      000231 00                     660 	.db #0x00	; 0
      000232 00                     661 	.db #0x00	; 0
      000233 00                     662 	.db #0x00	; 0
      000234 00                     663 	.db #0x00	; 0
      000235 00                     664 	.db #0x00	; 0
      000236 00                     665 	.db #0x00	; 0
      000237 00                     666 	.db #0x00	; 0
      000238 2B                     667 	.db #0x2b	; 43
      000239 2B                     668 	.db #0x2b	; 43
      00023A 2B                     669 	.db #0x2b	; 43
      00023B 2B                     670 	.db #0x2b	; 43
      00023C 2B                     671 	.db #0x2b	; 43
      00023D 2B                     672 	.db #0x2b	; 43
      00023E 2B                     673 	.db #0x2b	; 43
      00023F 2A                     674 	.db #0x2a	; 42
      000240 2A                     675 	.db #0x2a	; 42
      000241 2A                     676 	.db #0x2a	; 42
      000242 2B                     677 	.db #0x2b	; 43
      000243 2B                     678 	.db #0x2b	; 43
      000244 2B                     679 	.db #0x2b	; 43
      000245 29                     680 	.db #0x29	; 41
      000246 29                     681 	.db #0x29	; 41
      000247 2B                     682 	.db #0x2b	; 43
      000248 2B                     683 	.db #0x2b	; 43
      000249 2B                     684 	.db #0x2b	; 43
      00024A 2A                     685 	.db #0x2a	; 42
      00024B 2B                     686 	.db #0x2b	; 43
      00024C 28                     687 	.db #0x28	; 40
      00024D 29                     688 	.db #0x29	; 41
      00024E 2B                     689 	.db #0x2b	; 43
      00024F 2B                     690 	.db #0x2b	; 43
      000250 2A                     691 	.db #0x2a	; 42
      000251 2A                     692 	.db #0x2a	; 42
      000252 2B                     693 	.db #0x2b	; 43
      000253 2B                     694 	.db #0x2b	; 43
      000254 2B                     695 	.db #0x2b	; 43
      000255 2A                     696 	.db #0x2a	; 42
      000256 2B                     697 	.db #0x2b	; 43
      000257 2A                     698 	.db #0x2a	; 42
      000258 2B                     699 	.db #0x2b	; 43
      000259 2B                     700 	.db #0x2b	; 43
      00025A 2B                     701 	.db #0x2b	; 43
      00025B 2B                     702 	.db #0x2b	; 43
      00025C 2B                     703 	.db #0x2b	; 43
      00025D 2A                     704 	.db #0x2a	; 42
      00025E 2B                     705 	.db #0x2b	; 43
      00025F 2B                     706 	.db #0x2b	; 43
      000260 00                     707 	.db #0x00	; 0
      000261 00                     708 	.db #0x00	; 0
      000262 00                     709 	.db #0x00	; 0
      000263 00                     710 	.db #0x00	; 0
      000264 00                     711 	.db #0x00	; 0
      000265 00                     712 	.db #0x00	; 0
      000266 00                     713 	.db #0x00	; 0
      000267 00                     714 	.db #0x00	; 0
      000268 00                     715 	.db #0x00	; 0
      000269 2C                     716 	.db #0x2c	; 44
      00026A 00                     717 	.db #0x00	; 0
      00026B 00                     718 	.db #0x00	; 0
      00026C 00                     719 	.db #0x00	; 0
      00026D 00                     720 	.db #0x00	; 0
      00026E 00                     721 	.db #0x00	; 0
      00026F 00                     722 	.db #0x00	; 0
      000270 00                     723 	.db #0x00	; 0
      000271 00                     724 	.db #0x00	; 0
      000272 00                     725 	.db #0x00	; 0
      000273 00                     726 	.db #0x00	; 0
      000274 00                     727 	.db #0x00	; 0
      000275 00                     728 	.db #0x00	; 0
      000276 00                     729 	.db #0x00	; 0
      000277 00                     730 	.db #0x00	; 0
      000278 00                     731 	.db #0x00	; 0
      000279 00                     732 	.db #0x00	; 0
      00027A 00                     733 	.db #0x00	; 0
      00027B 00                     734 	.db #0x00	; 0
      00027C 00                     735 	.db #0x00	; 0
      00027D 00                     736 	.db #0x00	; 0
      00027E 00                     737 	.db #0x00	; 0
      00027F 00                     738 	.db #0x00	; 0
      000280 00                     739 	.db #0x00	; 0
      000281 00                     740 	.db #0x00	; 0
      000282 00                     741 	.db #0x00	; 0
      000283 00                     742 	.db #0x00	; 0
      000284 00                     743 	.db #0x00	; 0
      000285 00                     744 	.db #0x00	; 0
      000286 00                     745 	.db #0x00	; 0
      000287 00                     746 	.db #0x00	; 0
      000288 00                     747 	.db #0x00	; 0
      000289 00                     748 	.db #0x00	; 0
      00028A 00                     749 	.db #0x00	; 0
      00028B 00                     750 	.db #0x00	; 0
      00028C 00                     751 	.db #0x00	; 0
      00028D 00                     752 	.db #0x00	; 0
      00028E 00                     753 	.db #0x00	; 0
      00028F 00                     754 	.db #0x00	; 0
      000290 00                     755 	.db #0x00	; 0
      000291 00                     756 	.db #0x00	; 0
      000292 00                     757 	.db #0x00	; 0
      000293 00                     758 	.db #0x00	; 0
      000294 00                     759 	.db #0x00	; 0
      000295 00                     760 	.db #0x00	; 0
      000296 00                     761 	.db #0x00	; 0
      000297 00                     762 	.db #0x00	; 0
      000298 00                     763 	.db #0x00	; 0
      000299 00                     764 	.db #0x00	; 0
      00029A 00                     765 	.db #0x00	; 0
      00029B 00                     766 	.db #0x00	; 0
      00029C 00                     767 	.db #0x00	; 0
      00029D 00                     768 	.db #0x00	; 0
      00029E 00                     769 	.db #0x00	; 0
      00029F 00                     770 	.db #0x00	; 0
      0002A0 00                     771 	.db #0x00	; 0
      0002A1 00                     772 	.db #0x00	; 0
      0002A2 00                     773 	.db #0x00	; 0
      0002A3 00                     774 	.db #0x00	; 0
      0002A4 00                     775 	.db #0x00	; 0
      0002A5 00                     776 	.db #0x00	; 0
      0002A6 00                     777 	.db #0x00	; 0
      0002A7 00                     778 	.db #0x00	; 0
      0002A8 00                     779 	.db #0x00	; 0
      0002A9 00                     780 	.db #0x00	; 0
      0002AA 00                     781 	.db #0x00	; 0
      0002AB 00                     782 	.db #0x00	; 0
      0002AC 00                     783 	.db #0x00	; 0
      0002AD 00                     784 	.db #0x00	; 0
      0002AE 00                     785 	.db #0x00	; 0
      0002AF 00                     786 	.db #0x00	; 0
      0002B0 00                     787 	.db #0x00	; 0
      0002B1 00                     788 	.db #0x00	; 0
      0002B2 00                     789 	.db #0x00	; 0
      0002B3 00                     790 	.db #0x00	; 0
      0002B4 00                     791 	.db #0x00	; 0
      0002B5 00                     792 	.db #0x00	; 0
      0002B6 00                     793 	.db #0x00	; 0
      0002B7 00                     794 	.db #0x00	; 0
      0002B8 00                     795 	.db #0x00	; 0
      0002B9 00                     796 	.db #0x00	; 0
      0002BA 00                     797 	.db #0x00	; 0
      0002BB 00                     798 	.db #0x00	; 0
      0002BC 00                     799 	.db #0x00	; 0
      0002BD 00                     800 	.db #0x00	; 0
      0002BE 00                     801 	.db #0x00	; 0
      0002BF 00                     802 	.db #0x00	; 0
      0002C0 00                     803 	.db #0x00	; 0
      0002C1 00                     804 	.db #0x00	; 0
      0002C2 00                     805 	.db #0x00	; 0
      0002C3 00                     806 	.db #0x00	; 0
      0002C4 00                     807 	.db #0x00	; 0
      0002C5 00                     808 	.db #0x00	; 0
      0002C6 00                     809 	.db #0x00	; 0
      0002C7 00                     810 	.db #0x00	; 0
      0002C8 00                     811 	.db #0x00	; 0
      0002C9 00                     812 	.db #0x00	; 0
      0002CA 00                     813 	.db #0x00	; 0
      0002CB 00                     814 	.db #0x00	; 0
      0002CC 00                     815 	.db #0x00	; 0
      0002CD 00                     816 	.db #0x00	; 0
      0002CE 00                     817 	.db #0x00	; 0
      0002CF 00                     818 	.db #0x00	; 0
      0002D0 00                     819 	.db #0x00	; 0
      0002D1 00                     820 	.db #0x00	; 0
      0002D2 00                     821 	.db #0x00	; 0
      0002D3 00                     822 	.db #0x00	; 0
      0002D4 00                     823 	.db #0x00	; 0
      0002D5 00                     824 	.db #0x00	; 0
      0002D6 00                     825 	.db #0x00	; 0
      0002D7 00                     826 	.db #0x00	; 0
      0002D8 00                     827 	.db #0x00	; 0
      0002D9 00                     828 	.db #0x00	; 0
      0002DA 00                     829 	.db #0x00	; 0
      0002DB 00                     830 	.db #0x00	; 0
      0002DC 00                     831 	.db #0x00	; 0
      0002DD 00                     832 	.db #0x00	; 0
      0002DE 00                     833 	.db #0x00	; 0
      0002DF 00                     834 	.db #0x00	; 0
      0002E0 00                     835 	.db #0x00	; 0
      0002E1 00                     836 	.db #0x00	; 0
      0002E2 00                     837 	.db #0x00	; 0
      0002E3 00                     838 	.db #0x00	; 0
      0002E4 00                     839 	.db #0x00	; 0
      0002E5 00                     840 	.db #0x00	; 0
      0002E6 00                     841 	.db #0x00	; 0
      0002E7 00                     842 	.db #0x00	; 0
      0002E8 00                     843 	.db #0x00	; 0
      0002E9 00                     844 	.db #0x00	; 0
      0002EA 00                     845 	.db #0x00	; 0
      0002EB 00                     846 	.db #0x00	; 0
      0002EC 00                     847 	.db #0x00	; 0
      0002ED 00                     848 	.db #0x00	; 0
      0002EE 00                     849 	.db #0x00	; 0
      0002EF 00                     850 	.db #0x00	; 0
      0002F0 00                     851 	.db #0x00	; 0
      0002F1 00                     852 	.db #0x00	; 0
      0002F2 00                     853 	.db #0x00	; 0
      0002F3 00                     854 	.db #0x00	; 0
      0002F4 00                     855 	.db #0x00	; 0
      0002F5 00                     856 	.db #0x00	; 0
      0002F6 00                     857 	.db #0x00	; 0
      0002F7 00                     858 	.db #0x00	; 0
      0002F8 00                     859 	.db #0x00	; 0
      0002F9 00                     860 	.db #0x00	; 0
      0002FA 00                     861 	.db #0x00	; 0
      0002FB 00                     862 	.db #0x00	; 0
      0002FC 00                     863 	.db #0x00	; 0
      0002FD 00                     864 	.db #0x00	; 0
      0002FE 00                     865 	.db #0x00	; 0
      0002FF 00                     866 	.db #0x00	; 0
      000300 00                     867 	.db #0x00	; 0
      000301 00                     868 	.db #0x00	; 0
      000302 00                     869 	.db #0x00	; 0
      000303 00                     870 	.db #0x00	; 0
      000304 00                     871 	.db #0x00	; 0
      000305 00                     872 	.db #0x00	; 0
      000306 00                     873 	.db #0x00	; 0
      000307 00                     874 	.db #0x00	; 0
      000308 00                     875 	.db #0x00	; 0
      000309 00                     876 	.db #0x00	; 0
      00030A 00                     877 	.db #0x00	; 0
      00030B 00                     878 	.db #0x00	; 0
      00030C 00                     879 	.db #0x00	; 0
      00030D 00                     880 	.db #0x00	; 0
      00030E 00                     881 	.db #0x00	; 0
      00030F 00                     882 	.db #0x00	; 0
      000310 00                     883 	.db #0x00	; 0
      000311 00                     884 	.db #0x00	; 0
      000312 00                     885 	.db #0x00	; 0
      000313 00                     886 	.db #0x00	; 0
      000314 00                     887 	.db #0x00	; 0
      000315 00                     888 	.db #0x00	; 0
      000316 00                     889 	.db #0x00	; 0
      000317 00                     890 	.db #0x00	; 0
      000318 00                     891 	.db #0x00	; 0
      000319 00                     892 	.db #0x00	; 0
      00031A 00                     893 	.db #0x00	; 0
      00031B 00                     894 	.db #0x00	; 0
      00031C 00                     895 	.db #0x00	; 0
      00031D 00                     896 	.db #0x00	; 0
      00031E 00                     897 	.db #0x00	; 0
      00031F 00                     898 	.db #0x00	; 0
      000320 00                     899 	.db #0x00	; 0
      000321 00                     900 	.db #0x00	; 0
      000322 00                     901 	.db #0x00	; 0
      000323 00                     902 	.db #0x00	; 0
      000324 00                     903 	.db #0x00	; 0
      000325 00                     904 	.db #0x00	; 0
      000326 00                     905 	.db #0x00	; 0
      000327 00                     906 	.db #0x00	; 0
      000328 00                     907 	.db #0x00	; 0
      000329 00                     908 	.db #0x00	; 0
      00032A 00                     909 	.db #0x00	; 0
      00032B 00                     910 	.db #0x00	; 0
      00032C 00                     911 	.db #0x00	; 0
      00032D 00                     912 	.db #0x00	; 0
      00032E 00                     913 	.db #0x00	; 0
      00032F 00                     914 	.db #0x00	; 0
      000330 00                     915 	.db #0x00	; 0
      000331 00                     916 	.db #0x00	; 0
      000332 00                     917 	.db #0x00	; 0
      000333 00                     918 	.db #0x00	; 0
      000334 00                     919 	.db #0x00	; 0
      000335 00                     920 	.db #0x00	; 0
      000336 00                     921 	.db #0x00	; 0
      000337 00                     922 	.db #0x00	; 0
      000338 00                     923 	.db #0x00	; 0
      000339 00                     924 	.db #0x00	; 0
      00033A 00                     925 	.db #0x00	; 0
      00033B 00                     926 	.db #0x00	; 0
      00033C 00                     927 	.db #0x00	; 0
      00033D 00                     928 	.db #0x00	; 0
      00033E 00                     929 	.db #0x00	; 0
      00033F 00                     930 	.db #0x00	; 0
      000340 00                     931 	.db #0x00	; 0
      000341 00                     932 	.db #0x00	; 0
      000342 00                     933 	.db #0x00	; 0
      000343 00                     934 	.db #0x00	; 0
      000344 00                     935 	.db #0x00	; 0
      000345 00                     936 	.db #0x00	; 0
      000346 00                     937 	.db #0x00	; 0
      000347 00                     938 	.db #0x00	; 0
      000348 00                     939 	.db #0x00	; 0
      000349 00                     940 	.db #0x00	; 0
      00034A 00                     941 	.db #0x00	; 0
      00034B 00                     942 	.db #0x00	; 0
      00034C 00                     943 	.db #0x00	; 0
      00034D 00                     944 	.db #0x00	; 0
      00034E 00                     945 	.db #0x00	; 0
      00034F 00                     946 	.db #0x00	; 0
                                    947 	.area _CABS (ABS)
